// Jest Snapshot v1, https://goo.gl/fbAQLP

exports[`Header.js renders 1`] = `
<DocumentFragment>
  <div
    class="Header"
  >
    <h1
      class="HeadLine"
      data-testid="h1tag"
    >
      Shades of Green
    </h1>
  </div>
</DocumentFragment>
`;
