// Jest Snapshot v1, https://goo.gl/fbAQLP

exports[`LandPage.js renders 1`] = `
<DocumentFragment>
  <div
    class="LandPageContainer"
  />
</DocumentFragment>
`;
